// Vitest Snapshot v1, https://vitest.dev/guide/snapshot.html

exports[`Input > should render the input 1`] = `
<input
  className="tui__input"
  data-testid="input"
  onBlur={[Function]}
  onChange={[Function]}
  onClick={[Function]}
  onFocus={[Function]}
  type="text"
/>
`;
