// Vitest Snapshot v1, https://vitest.dev/guide/snapshot.html

exports[`Prose > should render the prose 1`] = `
<div
  className="tui__prose"
  data-testid="prose"
>
  <h1
    className="tui__heading"
  >
    Heading
  </h1>
  <p
    className="tui__paragraph"
  >
    Lorem ipsum dolor sit amet, consectetur adipiscing elit. Donec accumsan ex vel lacinia volutpat. Ut ultricies, mauris et varius finibus, nulla ante efficitur libero, eget convallis odio ex ut neque. Praesent quis odio ac felis pretium pharetra sit amet quis neque. Nam nec libero purus. Maecenas sagittis lobortis lacinia. Aliquam non vehicula metus. Vivamus fringilla ante eget leo pretium cursus. Morbi venenatis diam metus, ut faucibus dolor mollis a. Nulla nec ex sapien. Curabitur a tempor est. Mauris faucibus congue mi, sit amet pulvinar justo porttitor nec. Nunc et eros a est fermentum lacinia id at nisi.
  </p>
  <span
    className="tui__text"
  >
    Text
  </span>
</div>
`;
