// Vitest Snapshot v1, https://vitest.dev/guide/snapshot.html

exports[`Stack > should render the stack 1`] = `
<div
  className="tui__stack tui__stack-vertical"
  data-testid="stack"
>
  <div>
    1
  </div>
  <div>
    2
  </div>
  <div>
    3
  </div>
</div>
`;
