// Vitest Snapshot v1, https://vitest.dev/guide/snapshot.html

exports[`Button > should match the snapshot 1`] = `
<button
  className="tui__button"
  data-testid="button"
  onBlur={[Function]}
  onClick={[Function]}
  onFocus={[Function]}
  type="button"
>
  Button
</button>
`;
