// Vitest Snapshot v1, https://vitest.dev/guide/snapshot.html

exports[`Blockquote > should render author without source 1`] = `
<blockquote
  cite="https://source-of-the-quote.example.com"
  className="tui__blockquote"
  data-testid="blockquote"
>
  <div
    className="tui__blockquote-quote"
  >
    <p
      className="tui__paragraph"
    >
      Lorem ipsum dolor sit amet, consectetur adipiscing elit. Donec accumsan ex vel lacinia volutpat. Ut ultricies, mauris et varius finibus, nulla ante efficitur libero, eget convallis odio ex ut neque. Praesent quis odio ac felis pretium pharetra sit amet quis neque. Nam nec libero purus. Maecenas sagittis lobortis lacinia. Aliquam non vehicula metus. Vivamus fringilla ante eget leo pretium cursus. Morbi venenatis diam metus, ut faucibus dolor mollis a. Nulla nec ex sapien. Curabitur a tempor est. Mauris faucibus congue mi, sit amet pulvinar justo porttitor nec. Nunc et eros a est fermentum lacinia id at nisi.
    </p>
  </div>
  <footer>
    <span
      className="tui__blockquote-author"
    >
      —
      Samuel L. Ipsum
    </span>
  </footer>
</blockquote>
`;

exports[`Blockquote > should render default blockquote 1`] = `
<blockquote
  cite="https://source-of-the-quote.example.com"
  className="tui__blockquote"
  data-testid="blockquote"
>
  <div
    className="tui__blockquote-quote"
  >
    <p
      className="tui__paragraph"
    >
      Lorem ipsum dolor sit amet, consectetur adipiscing elit. Donec accumsan ex vel lacinia volutpat. Ut ultricies, mauris et varius finibus, nulla ante efficitur libero, eget convallis odio ex ut neque. Praesent quis odio ac felis pretium pharetra sit amet quis neque. Nam nec libero purus. Maecenas sagittis lobortis lacinia. Aliquam non vehicula metus. Vivamus fringilla ante eget leo pretium cursus. Morbi venenatis diam metus, ut faucibus dolor mollis a. Nulla nec ex sapien. Curabitur a tempor est. Mauris faucibus congue mi, sit amet pulvinar justo porttitor nec. Nunc et eros a est fermentum lacinia id at nisi.
    </p>
  </div>
  <footer>
    <span
      className="tui__blockquote-author"
    >
      —
      Samuel L. Ipsum
    </span>
    <span>
      ,
    </span>
    <cite
      className="tui__blockquote-source"
    >
      Lorem Ipsum
    </cite>
  </footer>
</blockquote>
`;

exports[`Blockquote > should render source without author 1`] = `
<blockquote
  cite="https://source-of-the-quote.example.com"
  className="tui__blockquote"
  data-testid="blockquote"
>
  <div
    className="tui__blockquote-quote"
  >
    <p
      className="tui__paragraph"
    >
      Lorem ipsum dolor sit amet, consectetur adipiscing elit. Donec accumsan ex vel lacinia volutpat. Ut ultricies, mauris et varius finibus, nulla ante efficitur libero, eget convallis odio ex ut neque. Praesent quis odio ac felis pretium pharetra sit amet quis neque. Nam nec libero purus. Maecenas sagittis lobortis lacinia. Aliquam non vehicula metus. Vivamus fringilla ante eget leo pretium cursus. Morbi venenatis diam metus, ut faucibus dolor mollis a. Nulla nec ex sapien. Curabitur a tempor est. Mauris faucibus congue mi, sit amet pulvinar justo porttitor nec. Nunc et eros a est fermentum lacinia id at nisi.
    </p>
  </div>
  <footer>
    <cite
      className="tui__blockquote-source"
    >
      Lorem Ipsum
    </cite>
  </footer>
</blockquote>
`;
