// Vitest Snapshot v1, https://vitest.dev/guide/snapshot.html

exports[`Paragraph > should render the paragraph 1`] = `
<p
  className="tui__paragraph"
  data-testid="paragraph"
>
  Lorem ipsum dolor sit amet.
</p>
`;
