// Vitest Snapshot v1, https://vitest.dev/guide/snapshot.html

exports[`Textarea > should render the textarea 1`] = `
<textarea
  className="tui__textarea"
  data-testid="textarea"
  onBlur={[Function]}
  onChange={[Function]}
  onClick={[Function]}
  onFocus={[Function]}
/>
`;
